<?xml version="1.0"?>
<testsuite name="HeadlessChrome 0.0.0 (Windows 10 0.0.0)" package="" timestamp="2020-09-30T02:23:03" id="0" hostname="pluto" tests="0" errors="1" failures="0" time="0">
  <properties>
    <property name="browser.fullName" value="Mozilla/5.0 (Windows NT 10.0; Win64; x64) AppleWebKit/537.36 (KHTML, like Gecko) HeadlessChrome/85.0.4183.121 Safari/537.36"/>
  </properties>
  <system-out>
    <![CDATA[HeadlessChrome 0.0.0 (Windows 10 0.0.0) ERROR: 'DEPRECATION:', 'Setting specFilter directly on Env is deprecated and will be removed in a future version of Jasmine, please use the specFilter option in `configure`'
,HeadlessChrome 0.0.0 (Windows 10 0.0.0) ERROR
  {
    "message": "An error was thrown in afterAll\nError: Module build failed (from ./node_modules/babel-loader/lib/index.js):\nSyntaxError: C:/Users/Vincent/source/repos/sideup66/node-js-question/src/app/app.js: Unexpected token, expected , (59:0)\n\u001b[0m \u001b[90m 57 | \u001b[39m\u001b[90m * @param books - an array of BookWithReviews objects.\u001b[39m\n \u001b[90m 58 | \u001b[39m\u001b[90m */\u001b[39m\n\u001b[31m\u001b[1m>\u001b[22m\u001b[39m\u001b[90m 59 | \u001b[39m\u001b[36mexport\u001b[39m \u001b[36mfunction\u001b[39m displayBooks(parentNode\u001b[33m,\u001b[39m books) {\n \u001b[90m    | \u001b[39m\u001b[31m\u001b[1m^\u001b[22m\u001b[39m\n \u001b[90m 60 | \u001b[39m  \u001b[90m// TODO: Implement\u001b[39m\n \u001b[90m 61 | \u001b[39m}\n \u001b[90m 62 | \u001b[39m\u001b[0m\n    at eval (webpack:///./src/app/app.js?:1:7)\n    at Object../src/app/app.js (src/app/app.spec.js:96:1)\n    at __webpack_require__ (src/app/app.spec.js:20:30)\n    at eval (webpack:///./src/app/app.spec.js?:3:12)\n    at Object../src/app/app.spec.js (src/app/app.spec.js:108:1)\n    at __webpack_require__ (src/app/app.spec.js:20:30)\n    at src/app/app.spec.js:84:18\n    at src/app/app.spec.js:87:10",
    "str": "An error was thrown in afterAll\nError: Module build failed (from ./node_modules/babel-loader/lib/index.js):\nSyntaxError: C:/Users/Vincent/source/repos/sideup66/node-js-question/src/app/app.js: Unexpected token, expected , (59:0)\n\u001b[0m \u001b[90m 57 | \u001b[39m\u001b[90m * @param books - an array of BookWithReviews objects.\u001b[39m\n \u001b[90m 58 | \u001b[39m\u001b[90m */\u001b[39m\n\u001b[31m\u001b[1m>\u001b[22m\u001b[39m\u001b[90m 59 | \u001b[39m\u001b[36mexport\u001b[39m \u001b[36mfunction\u001b[39m displayBooks(parentNode\u001b[33m,\u001b[39m books) {\n \u001b[90m    | \u001b[39m\u001b[31m\u001b[1m^\u001b[22m\u001b[39m\n \u001b[90m 60 | \u001b[39m  \u001b[90m// TODO: Implement\u001b[39m\n \u001b[90m 61 | \u001b[39m}\n \u001b[90m 62 | \u001b[39m\u001b[0m\n    at eval (webpack:///./src/app/app.js?:1:7)\n    at Object../src/app/app.js (src/app/app.spec.js:96:1)\n    at __webpack_require__ (src/app/app.spec.js:20:30)\n    at eval (webpack:///./src/app/app.spec.js?:3:12)\n    at Object../src/app/app.spec.js (src/app/app.spec.js:108:1)\n    at __webpack_require__ (src/app/app.spec.js:20:30)\n    at src/app/app.spec.js:84:18\n    at src/app/app.spec.js:87:10"
  }

]]>
  </system-out>
  <system-err/>
</testsuite>